=== provenance
Thu Sep 10 23:30:15 UTC 2026
1b12930dced3ac5e92e97fe85fcd82df  bitnet_kria_probe4.c
d98834b759ec71e07f4e0daa7c78aa1c  bitnet_kria_probe4
                    kv260-bitnet            XRT_FLAT                    kv260-bitnet            XRT_FLAT               (0+0)                  0,
pl0_ref 249999998 Hz
=== PROBE_PHASE=401
    w mm2s wait             3607.821 ms   94.65%
  phase 401, 960 neurons an engine, times in us from the first weight arm:
    all four armed by        8.1
    engine   first done   all done   span     ns/neuron
         0         8.7      127.2    118.6       123.5
         1         8.7      140.5    131.8       137.3
         2         8.7      140.5    131.8       137.3
         3         8.7      128.7    120.1       125.1
=== PROBE_PHASE=402
    w mm2s wait             3609.205 ms   94.63%
  phase 402, 640 neurons an engine, times in us from the first weight arm:
    all four armed by        2.7
    engine   first done   all done   span     ns/neuron
         0         3.1       87.7     84.6       132.2
         1         3.1      112.3    109.2       170.6
         2         3.1      112.3    109.2       170.6
         3         3.1       89.2     86.1       134.6
=== PROBE_PHASE=403
    w mm2s wait             3606.713 ms   94.64%
  phase 403, 1728 neurons an engine, times in us from the first weight arm:
    all four armed by       29.6
    engine   first done   all done   span     ns/neuron
         0        30.1      228.8    198.8       115.0
         1        30.1      294.0    264.0       152.8
         2        30.1      294.0    264.0       152.8
         3        30.1      228.8    198.8       115.0
=== PROBE_PHASE=404
    w mm2s wait             3604.063 ms   94.62%
  phase 404, 640 neurons an engine, times in us from the first weight arm:
    all four armed by        2.6
    engine   first done   all done   span     ns/neuron
         0         3.0      228.8    225.8       352.8
         1         3.0      250.3    247.3       386.4
         2         3.0      250.3    247.3       386.4
         3         3.0      230.3    227.3       355.1
